<?xml version="1.0" encoding="UTF-8"?>
<testsuites name="Mocha Tests" time="0.010" tests="1" failures="1">
  <testsuite name="Root Suite" timestamp="2023-06-08T18:22:46" tests="0" time="0.000" failures="0">
  </testsuite>
  <testsuite name="A Test" timestamp="2023-06-08T18:22:46" tests="1" file="/Users/david.clare/Desktop/core/app/src/lib/database/isMongoDBError.spec.ts" time="0.007" failures="1">
    <testcase name="A Test First it" time="0.002" classname="First it">
      <failure message="expected &apos; hello&apos; to equal &apos;hello&apos;" type="AssertionError"><![CDATA[AssertionError: expected ' hello' to equal 'hello'
    at Context.<anonymous> (src/lib/database/isMongoDBError.spec.ts:10:22)
    at processImmediate (node:internal/timers:464:21)

      + expected - actual

      - hello
      +hello
      ]]></failure>
    </testcase>
  </testsuite>
</testsuites>